Java HotSpot(TM) 64-Bit Server VM (25.131-b11) for windows-amd64 JRE (1.8.0_131-b11), built on Mar 15 2017 01:23:53 by "java_re" with MS VC++ 10.0 (VS2010)
Memory: 4k page, physical 16688008k(10560772k free), swap 33374156k(27498644k free)
CommandLine flags: -XX:InitialHeapSize=62914560 -XX:MaxHeapSize=62914560 -XX:+PrintGC -XX:+PrintGCDetails -XX:+PrintGCTimeStamps -XX:+UseCompressedClassPointers -XX:+UseCompressedOops -XX:-UseLargePagesIndividualAllocation -XX:+UseParallelGC 
6.110: [GC (Allocation Failure) [PSYoungGen: 15287K->2552K(17920K)] 15287K->13073K(58880K), 0.0046960 secs] [Times: user=0.00 sys=0.00, real=0.00 secs] 
13.726: [GC (Allocation Failure) [PSYoungGen: 17842K->2536K(17920K)] 28364K->28268K(58880K), 0.0094090 secs] [Times: user=0.00 sys=0.05, real=0.01 secs] 
13.736: [Full GC (Ergonomics) [PSYoungGen: 2536K->0K(17920K)] [ParOldGen: 25731K->28195K(40960K)] 28268K->28195K(58880K), [Metaspace: 3993K->3993K(1056768K)], 0.0196538 secs] [Times: user=0.05 sys=0.00, real=0.02 secs] 
21.214: [Full GC (Ergonomics) [PSYoungGen: 15303K->2500K(17920K)] [ParOldGen: 28195K->40597K(40960K)] 43498K->43098K(58880K), [Metaspace: 3993K->3993K(1056768K)], 0.0161756 secs] [Times: user=0.02 sys=0.05, real=0.02 secs] 
Heap
 PSYoungGen      total 17920K, used 10648K [0x00000000fec00000, 0x0000000100000000, 0x0000000100000000)
  eden space 15360K, 69% used [0x00000000fec00000,0x00000000ff6663f0,0x00000000ffb00000)
  from space 2560K, 0% used [0x00000000ffd80000,0x00000000ffd80000,0x0000000100000000)
  to   space 2560K, 0% used [0x00000000ffb00000,0x00000000ffb00000,0x00000000ffd80000)
 ParOldGen       total 40960K, used 40597K [0x00000000fc400000, 0x00000000fec00000, 0x00000000fec00000)
  object space 40960K, 99% used [0x00000000fc400000,0x00000000feba57a0,0x00000000fec00000)
 Metaspace       used 3999K, capacity 4568K, committed 4864K, reserved 1056768K
  class space    used 447K, capacity 460K, committed 512K, reserved 1048576K
