# 垃圾回收相关概念

## 一. System.gc的理解

- 在默认情况下，手动调用System.gc或者RunTime.getRunTime().gc()，会显式出发FullGC 同时对新生代和老年代进行回收，尝试释放垃圾。

- 然而System.gc（）调用附带一个免责声明，==无法保证对垃圾收集器的调用(无法保证马上触发GC)==。

- JVM实现者可以通过system.gc（）调用来决定JVM的GC行为。而一般情况下，垃圾回收应该是自动进行的，无须手动触发，否则就太过于麻烦了。在一些特殊情况下，如我们正在编写一个性能基准，我们可以在运行之间调用System.gc（）。

- 以下代码,如果注掉System.runFinalization(); 那么控制台不保证一定打印,证明了System.gc（）无法保证GC一定执行

  ```java
  public class SystemGCTest {
      public static void main(String[] args) {
          new SystemGCTest();
          System.gc();//提醒jvm的垃圾回收器执行gc,但是不确定是否马上执行gc 
          
          System.runFinalization();//强制调用失去引用的对象的finalize()方法
      }
      @Override
      protected void finalize() throws Throwable {
          super.finalize();
          System.out.println("SystemGCTest 重写了finalize()");
      }
  }
  ```

  #### 手动gc理解不可达对象的回收行为

  ```java
  public class LocalVarGC {
      public void localvarGC1() {
          byte[] buffer = new byte[10 * 1024 * 1024];//10MB
          System.gc();
          //输出: 不会被回收, FullGC时被放入老年代
          //[GC (System.gc()) [PSYoungGen: 14174K->10736K(76288K)] 14174K->10788K(251392K), 0.0089741 secs] [Times: user=0.01 sys=0.00, real=0.01 secs]
          //[Full GC (System.gc()) [PSYoungGen: 10736K->0K(76288K)] [ParOldGen: 52K->10649K(175104K)] 10788K->10649K(251392K), [Metaspace: 3253K->3253K(1056768K)], 0.0074098 secs] [Times: user=0.01 sys=0.02, real=0.01 secs]
      }
  
      public void localvarGC2() {
          byte[] buffer = new byte[10 * 1024 * 1024];
          buffer = null;
          System.gc();
          //输出: 正常被回收
          //[GC (System.gc()) [PSYoungGen: 14174K->544K(76288K)] 14174K->552K(251392K), 0.0011742 secs] [Times: user=0.00 sys=0.00, real=0.00 secs]
          //[Full GC (System.gc()) [PSYoungGen: 544K->0K(76288K)] [ParOldGen: 8K->410K(175104K)] 552K->410K(251392K), [Metaspace: 3277K->3277K(1056768K)], 0.0054702 secs] [Times: user=0.01 sys=0.00, real=0.01 secs]
  
      }
  
      public void localvarGC3() {
          {
              byte[] buffer = new byte[10 * 1024 * 1024];
          }
          System.gc();
          //输出: 不会被回收, FullGC时被放入老年代 局部变量表中索引为1的位置依然在 所以不会被回收
          //[GC (System.gc()) [PSYoungGen: 14174K->10736K(76288K)] 14174K->10784K(251392K), 0.0076032 secs] [Times: user=0.02 sys=0.00, real=0.01 secs]
          //[Full GC (System.gc()) [PSYoungGen: 10736K->0K(76288K)] [ParOldGen: 48K->10649K(175104K)] 10784K->10649K(251392K), [Metaspace: 3252K->3252K(1056768K)], 0.0096328 secs] [Times: user=0.01 sys=0.01, real=0.01 secs]
      }
  
      public void localvarGC4() {
          {
              byte[] buffer = new byte[10 * 1024 * 1024];
          }
          int value = 10;
          System.gc();
          //输出: 正常被回收 局部变量表中索引1的位置被value占用 
          //[GC (System.gc()) [PSYoungGen: 14174K->496K(76288K)] 14174K->504K(251392K), 0.0016517 secs] [Times: user=0.01 sys=0.00, real=0.00 secs]
          //[Full GC (System.gc()) [PSYoungGen: 496K->0K(76288K)] [ParOldGen: 8K->410K(175104K)] 504K->410K(251392K), [Metaspace: 3279K->3279K(1056768K)], 0.0055183 secs] [Times: user=0.00 sys=0.00, real=0.01 secs]
      }
  
      public void localvarGC5() {
          localvarGC1();
          System.gc();
          //输出: 正常被回收
          //[GC (System.gc()) [PSYoungGen: 14174K->10720K(76288K)] 14174K->10744K(251392K), 0.0121568 secs] [Times: user=0.02 sys=0.00, real=0.02 secs]
          //[Full GC (System.gc()) [PSYoungGen: 10720K->0K(76288K)] [ParOldGen: 24K->10650K(175104K)] 10744K->10650K(251392K), [Metaspace: 3279K->3279K(1056768K)], 0.0101068 secs] [Times: user=0.01 sys=0.02, real=0.01 secs]
          //[GC (System.gc()) [PSYoungGen: 0K->0K(76288K)] 10650K->10650K(251392K), 0.0005717 secs] [Times: user=0.00 sys=0.00, real=0.00 secs]
          //[Full GC (System.gc()) [PSYoungGen: 0K->0K(76288K)] [ParOldGen: 10650K->410K(175104K)] 10650K->410K(251392K), [Metaspace: 3279K->3279K(1056768K)], 0.0045963 secs] [Times: user=0.01 sys=0.00, real=0.00 secs]
      }
  
      public static void main(String[] args) {
          LocalVarGC local = new LocalVarGC();
          local.localvarGC5();
      }
  }
  
  ```

## 二. 内存溢出与内存泄漏

- #### 内存溢出

内存溢出相对于内存泄漏来说，尽管更容易被理解，但是同样的，内存溢出也是引发程序崩溃的罪魁祸首之一。

由于GC一直在发展，所有一般情况下，除非应用程序占用的内存增长速度非常快，造成垃圾回收已经跟不上内存消耗的速度，否则不太容易出现O0M的情况。

大多数情况下，GC会进行各种年龄段的垃圾回收，实在不行了就放大招，来一次独占式的Full GC操作，这时候会回收大量的内存，供应用程序继续使用。

javadoc中对OutOfMemoryError的解释是，==没有空闲内存，并且垃圾收集器也无法提供更多内存==。	

- 首先说没有空闲内存的情况：说明Java虚拟机的堆内存不够。原因有二：
  - （1） Java虚拟机的堆内存设置不够。
     比如：可能存在内存泄漏问题；也很有可能就是堆的大小不合理，比如我们要处理比较可观的数据量，但是没有显式指定JVM堆大小或者指定数值偏小。我们可以通过参数一Xms、一Xmx来调整。
  - （2）代码中创建了大量大对象，并且长时间不能被垃圾收集器收集（存在被引用）对于老版本的Oracle JDK，因为永久代的大小是有限的，并且JVM对永久代垃圾回收（如，常量池回收、卸载不再需要的类型）非常不积极，所以当我们不断添加新类型的时候，永久代出现OutOfMemoryError也非常多见，尤其是在运行时存在大量动态类型生成的场合；类似intern字符串缓存占用太多空间，也会导致0OM问题。对应的异常信息，会标记出来和永久代相关： `"java. lang. OutOfMemoryError： PermGen space"。`
     随着元数据区的引入，方法区内存已经不再那么窘迫，所以相应的00M有所改观，出现00M，异常信息则变成了：`“java. lang. OutOfMemoryError： Metaspace"`。 直接内存不足，也会导致0OM。
- 这里面隐含着一层意思是，在抛出0utOfMemoryError之 前，通常垃圾收集器会被触发，尽其所能去清理出空间。
  - ➢例如：在引用机制分析中，涉及到JVM会去尝试回收软引用指向的对象等。
  - ➢在java.nio.BIts.reserveMemory（）方法中，我们能清楚的看到，System.gc（）会被调用，以清理空间。

- 当然，也不是在任何情况下垃圾收集器都会被触发的
  - ➢比如，我们去分配一一个超大对象，类似一个超大数组超过堆的最大值，JVM可以判断出垃圾收集并不能解决这个问题，所以直接拋出OutOfMemoryError

- #### 内存泄漏(Memory Leak)

- 也称作“存储渗漏”。`严格来说`，==只有对象不会再被程序用到了，但是GC又不能回收他们的情况，才叫内存泄漏==。

- 但实际情况很多时候一些不太好的实践（或疏忽）会导致对象的生命周期变得很长甚至导致内存溢出0OM，也可以叫做`宽泛意义`上的“内存泄漏

- 尽管内存泄漏并不会立刻引起程序崩溃，但是一旦发生内存泄漏，程序中的可用内存就会被逐步蚕食，直至耗尽所有内存，最终出现0utOfMemory异常，导致程序崩溃。

- 注意，这里的存储空间并不是指物理内存，而是指虚拟内存大小，这个虚拟内存大小取决于磁盘交换区设定的大小。

- **举例**

  - 1、单例模式
     单例的生命周期和应用程序是一样长的，所以单例程序中，如果持有对外部对象的引用的话，那么这个外部对象是不能被回收的，则会导致内存泄漏的产生。
  - 2、一些提供close的资源未关闭导致内存泄漏 数据库连接（ dataSourse. getConnection（）），网络连接（socket）和io连接必须手动close，否则是不能被回收的。


  

## 三. STW

## 四. 垃圾回收的并行与并发

## 五. 安全点与安全区域

## 六. 强引用

## 七. 软引用

## 八. 弱引用

## 九. 虚引用

## X. 终结器引用
